libtoolize: putting auxiliary files in '.'.
libtoolize: linking file './ltmain.sh'
libtoolize: Consider adding 'AC_CONFIG_MACRO_DIRS([m4])' to configure.ac,
libtoolize: and rerunning libtoolize and aclocal.
libtoolize: Consider adding '-I m4' to ACLOCAL_AMFLAGS in Makefile.am.
configure.ac:2542: warning: The macro 'AC_PROG_CC_C99' is obsolete.
configure.ac:2542: You should run autoupdate.
./lib/autoconf/c.m4:1662: AC_PROG_CC_C99 is expanded from...
configure.ac:2542: the top level
configure.ac:2737: warning: The macro 'AC_LIBTOOL_WIN32_DLL' is obsolete.
configure.ac:2737: You should run autoupdate.
aclocal.m4:8661: AC_LIBTOOL_WIN32_DLL is expanded from...
configure.ac:2737: the top level
configure.ac:2737: warning: AC_LIBTOOL_WIN32_DLL: Remove this warning and the call to _LT_SET_OPTION when you
configure.ac:2737: put the 'win32-dll' option into LT_INIT's first parameter.
./lib/autoconf/general.m4:2434: AC_DIAGNOSE is expanded from...
aclocal.m4:8661: AC_LIBTOOL_WIN32_DLL is expanded from...
configure.ac:2737: the top level
configure.ac:4059: warning: AC_PROG_LEX without either yywrap or noyywrap is obsolete
./lib/autoconf/programs.m4:743: _AC_PROG_LEX is expanded from...
./lib/autoconf/programs.m4:736: AC_PROG_LEX is expanded from...
aclocal.m4:9580: AM_PROG_LEX is expanded from...
configure.ac:4059: the top level
configure.ac:2541: installing './compile'
configure.ac:81: installing './install-sh'
configure.ac:81: installing './missing'
Makefile.am: installing './COPYING' using GNU General Public License v3 file
Makefile.am:     Consider adding the COPYING file to the version control system
Makefile.am:     for your code, to avoid questions about which license your project uses
configure.ac: installing './ylwrap'
doc/Makefile.am:35: installing 'doc/mdate-sh'
doc/Makefile.am:35: installing 'doc/texinfo.tex'
parallel-tests: installing './test-driver'
