checking build system type... aarch64-unknown-linux-gnu
checking host system type... aarch64-unknown-linux-gnu
checking for a BSD-compatible install... /usr/bin/install -c
checking whether sleep supports fractional seconds... yes
checking filesystem timestamp resolution... 0.01
checking whether build environment is sane... yes
checking for a race-free mkdir -p... /usr/bin/mkdir -p
checking for gawk... no
checking for mawk... mawk
checking whether make sets $(MAKE)... yes
checking whether make supports nested variables... yes
checking xargs -n works... yes
checking whether UID '1001' is supported by ustar format... yes
checking whether GID '1001' is supported by ustar format... yes
checking how to create a ustar tar archive... gnutar
checking whether to enable maintainer-specific portions of Makefiles... no
checking ABI=64
checking compiler /usr/bin/gcc -O2 -std=gnu17 ... yes
checking compiler /usr/bin/gcc -O2 -std=gnu17 has sizeof(void*)==8... yes
checking for gcc... /usr/bin/gcc
checking whether the C compiler works... yes
checking for C compiler default output file name... a.out
checking for suffix of executables...
checking whether we are cross compiling... no
checking for suffix of object files... o
checking whether the compiler supports GNU C... yes
checking whether /usr/bin/gcc accepts -g... yes
checking for /usr/bin/gcc option to enable C11 features... none needed
checking whether /usr/bin/gcc understands -c and -o together... yes
checking how to run the C preprocessor... /usr/bin/gcc -E
checking build system compiler /usr/bin/gcc... yes
checking for build system preprocessor... /usr/bin/gcc -E
checking for build system executable suffix...
checking whether build system compiler is ANSI... yes
checking for build system compiler math library... -lm
checking whether the compiler supports GNU C++... yes
checking whether /usr/bin/g++ accepts -g... yes
checking for /usr/bin/g++ option to enable C++11 features... none needed
checking C++ compiler /usr/bin/g++  -O2 -std=gnu17... yes
checking how to run the C++ preprocessor... /usr/bin/g++ -E
checking for egrep -e... /usr/bin/grep -E
using ABI="64"
      CC="/usr/bin/gcc"
      CFLAGS="-O2 -std=gnu17"
      CPPFLAGS=""
      CXX="/usr/bin/g++"
      CXXFLAGS="-O2 -std=gnu17"
      MPN_PATH=" arm64 generic"
checking whether assembler supports --noexecstack option... yes
checking for a sed that does not truncate output... /usr/bin/sed
checking for ar... ar
checking for BSD- or MS-compatible name lister (nm)... /usr/bin/nm -B
checking the name lister (/usr/bin/nm -B) interface... /osarm-build/work/gmp-tip-ab4a7408e2ce-c23-knr-candidate/configure: line 12602: External.*some_variable: command not found
BSD nm
checking how to print strings... printf
checking for a sed that does not truncate output... (cached) /usr/bin/sed
checking for grep that handles long lines and -e... /usr/bin/grep
checking for egrep... /usr/bin/grep -E
checking for fgrep... /usr/bin/grep -F
checking for ld used by /usr/bin/gcc... /usr/bin/aarch64-linux-gnu-ld
checking if the linker (/usr/bin/aarch64-linux-gnu-ld) is GNU ld... yes
checking whether ln -s works... yes
checking the maximum length of command line arguments... 1572864
checking how to convert aarch64-unknown-linux-gnu file names to aarch64-unknown-linux-gnu format... func_convert_file_noop
checking how to convert aarch64-unknown-linux-gnu file names to toolchain format... func_convert_file_noop
checking for /usr/bin/aarch64-linux-gnu-ld option to reload object files... -r
checking for file... file
checking for objdump... objdump
checking how to recognize dependent libraries... pass_all
checking for dlltool... dlltool
checking how to associate runtime and link libraries... printf %s\n
checking for ranlib... ranlib
checking for archiver @FILE support... @
checking for strip... strip
checking command to parse /usr/bin/nm -B output from /usr/bin/gcc object... ok
checking for sysroot... no
checking for a working dd... /usr/bin/dd
checking how to truncate binary pipes... /usr/bin/dd bs=4096 count=1
checking for mt... no
checking if : is a manifest tool... no
checking for stdio.h... yes
checking for stdlib.h... yes
checking for string.h... yes
checking for inttypes.h... yes
checking for stdint.h... yes
checking for strings.h... yes
checking for sys/stat.h... yes
checking for sys/types.h... yes
checking for unistd.h... yes
checking for dlfcn.h... yes
checking for objdir... .libs
checking if /usr/bin/gcc supports -fno-rtti -fno-exceptions... no
checking for /usr/bin/gcc option to produce PIC... -fPIC -DPIC
checking if /usr/bin/gcc PIC flag -fPIC -DPIC works... yes
checking if /usr/bin/gcc static flag -static works... yes
checking if /usr/bin/gcc supports -c -o file.o... yes
checking if /usr/bin/gcc supports -c -o file.o... (cached) yes
checking whether the /usr/bin/gcc linker (/usr/bin/aarch64-linux-gnu-ld) supports shared libraries... yes
checking whether -lc should be explicitly linked in... no
checking dynamic linker characteristics... GNU/Linux ld.so
checking how to hardcode library paths into programs... immediate
checking whether stripping libraries is possible... yes
checking if libtool supports shared libraries... yes
checking whether to build shared libraries... yes
checking whether to build static libraries... no
checking how to run the C++ preprocessor... /usr/bin/g++ -E
checking for ld used by /usr/bin/g++... /usr/bin/aarch64-linux-gnu-ld
checking if the linker (/usr/bin/aarch64-linux-gnu-ld) is GNU ld... yes
checking whether the /usr/bin/g++ linker (/usr/bin/aarch64-linux-gnu-ld) supports shared libraries... yes
checking for /usr/bin/g++ option to produce PIC... -fPIC -DPIC
checking if /usr/bin/g++ PIC flag -fPIC -DPIC works... yes
checking if /usr/bin/g++ static flag -static works... yes
checking if /usr/bin/g++ supports -c -o file.o... yes
checking if /usr/bin/g++ supports -c -o file.o... (cached) yes
checking whether the /usr/bin/g++ linker (/usr/bin/aarch64-linux-gnu-ld) supports shared libraries... yes
checking dynamic linker characteristics... (cached) GNU/Linux ld.so
checking how to hardcode library paths into programs... immediate
checking for fcntl.h... yes
checking for float.h... yes
checking for invent.h... no
checking for langinfo.h... yes
checking for locale.h... yes
checking for nl_types.h... yes
checking for sys/attributes.h... no
checking for sys/iograph.h... no
checking for sys/mman.h... yes
checking for sys/param.h... yes
checking for sys/processor.h... no
checking for sys/pstat.h... no
checking for sys/sysinfo.h... yes
checking for sys/syssgi.h... no
checking for sys/systemcfg.h... no
checking for sys/time.h... yes
checking for sys/times.h... yes
checking for sys/resource.h... yes
checking for sys/sysctl.h... no
checking for machine/hal_sysinfo.h... no
checking for /usr/bin/gcc options needed to detect all undeclared functions... none needed
checking whether fgetc is declared... yes
checking whether fscanf is declared... yes
checking whether optarg is declared... yes
checking whether ungetc is declared... yes
checking whether vfprintf is declared... yes
checking whether sys_errlist is declared... no
checking whether sys_nerr is declared... no
checking for intmax_t... yes
checking for long double... yes
checking for long long... yes
checking for ptrdiff_t... yes
checking for quad_t... yes
checking for uint_least32_t... yes
checking for intptr_t... yes
checking for working volatile... yes
checking for C/C++ restrict keyword... __restrict__
checking whether gcc __attribute__ ((const)) works... yes
checking whether gcc __attribute__ ((malloc)) works... yes
checking whether gcc __attribute__ ((mode (XX))) works... yes
checking whether gcc __attribute__ ((noreturn)) works... yes
checking whether gcc hidden aliases work... yes
checking for inline... inline
checking for cos in -lm... yes
checking for working alloca.h... yes
checking for alloca (via gmp-impl.h)... yes
checking how to allocate temporary memory... alloca
checking whether byte ordering is bigendian... no
checking format of `double' floating point... IEEE little endian
checking for alarm... yes
checking for attr_get... no
checking for clock... yes
checking for cputime... no
checking for getpagesize... yes
checking for getrusage... yes
checking for gettimeofday... yes
checking for getsysinfo... no
checking for localeconv... yes
checking for memset... yes
checking for mmap... yes
checking for mprotect... yes
checking for nl_langinfo... yes
checking for obstack_vprintf... yes
checking for popen... yes
checking for processor_info... no
checking for pstat_getprocessor... no
checking for raise... yes
checking for read_real_time... no
checking for sigaction... yes
checking for sigaltstack... yes
checking for sigstack... yes
checking for syssgi... no
checking for strchr... yes
checking for strerror... yes
checking for strnlen... yes
checking for strtol... yes
checking for strtoul... yes
checking for sysconf... yes
checking for sysctl... no
checking for sysctlbyname... no
checking for times... yes
checking for library containing clock_gettime... none required
checking for vsnprintf... yes
checking whether vsnprintf works... yes
checking whether sscanf needs writable input... no
checking for struct pst_processor.psp_iticksperclktick... no
checking for sstream... yes
checking for std::locale... yes
checking for suitable m4... m4
checking if m4wrap produces spurious output... no
checking how to switch to text section... .text
checking how to switch to data section... .data
checking for assembler label suffix... :
checking for assembler global directive... .globl
checking for assembler global directive attribute...
checking if globals are prefixed by underscore... no
checking how to switch to read-only data section... 	.section	.rodata
checking for assembler .type directive... .type	$1,@$2
checking for assembler .size directive... .size	$1,$2
checking for assembler local label prefix... .L
checking for assembler byte directive... .byte
checking how to define a 32-bit word... .long
checking if .align assembly directive is logarithmic... yes
checking size of void *... 8
checking size of unsigned short... 2
checking size of unsigned... 4
checking size of unsigned long... 8
checking size of mp_limb_t... 8
checking for stack_t... yes
checking for tputs in -lncurses... yes
checking for readline in -lreadline... no
checking readline detected... no
checking for bison... bison -y
checking for flex... flex
checking for lex output file root... lex.yy
checking for lex library... none needed
checking for library containing yywrap... -ll
checking whether yytext is a pointer... yes
creating config.m4
checking that generated files are newer than configure... done
configure: creating ./config.status
config.status: creating demos/pexpr-config.h
config.status: creating demos/calc/calc-config.h
config.status: creating Makefile
config.status: creating mpf/Makefile
config.status: creating mpn/Makefile
config.status: creating mpq/Makefile
config.status: creating mpz/Makefile
config.status: creating printf/Makefile
config.status: creating scanf/Makefile
config.status: creating rand/Makefile
config.status: creating cxx/Makefile
config.status: creating tests/Makefile
config.status: creating tests/devel/Makefile
config.status: creating tests/mpf/Makefile
config.status: creating tests/mpn/Makefile
config.status: creating tests/mpq/Makefile
config.status: creating tests/mpz/Makefile
config.status: creating tests/rand/Makefile
config.status: creating tests/misc/Makefile
config.status: creating tests/cxx/Makefile
config.status: creating doc/Makefile
config.status: creating tune/Makefile
config.status: creating demos/Makefile
config.status: creating demos/calc/Makefile
config.status: creating demos/expr/Makefile
config.status: creating gmp.h
config.status: creating gmp.pc
config.status: creating gmpxx.pc
config.status: creating config.h
config.status: linking /osarm-build/work/gmp-tip-ab4a7408e2ce-c23-knr-candidate/mpn/generic/add.c to mpn/add.c
config.status: linking /osarm-build/work/gmp-tip-ab4a7408e2ce-c23-knr-candidate/mpn/generic/add_1.c to mpn/add_1.c
config.status: linking /osarm-build/work/gmp-tip-ab4a7408e2ce-c23-knr-candidate/mpn/arm64/aors_n.asm to mpn/add_n.asm
config.status: linking /osarm-build/work/gmp-tip-ab4a7408e2ce-c23-knr-candidate/mpn/generic/sub.c to mpn/sub.c
config.status: linking /osarm-build/work/gmp-tip-ab4a7408e2ce-c23-knr-candidate/mpn/generic/sub_1.c to mpn/sub_1.c
config.status: linking /osarm-build/work/gmp-tip-ab4a7408e2ce-c23-knr-candidate/mpn/arm64/aors_n.asm to mpn/sub_n.asm
config.status: linking /osarm-build/work/gmp-tip-ab4a7408e2ce-c23-knr-candidate/mpn/arm64/cnd_aors_n.asm to mpn/cnd_add_n.asm
config.status: linking /osarm-build/work/gmp-tip-ab4a7408e2ce-c23-knr-candidate/mpn/arm64/cnd_aors_n.asm to mpn/cnd_sub_n.asm
config.status: linking /osarm-build/work/gmp-tip-ab4a7408e2ce-c23-knr-candidate/mpn/generic/cnd_swap.c to mpn/cnd_swap.c
config.status: linking /osarm-build/work/gmp-tip-ab4a7408e2ce-c23-knr-candidate/mpn/generic/neg.c to mpn/neg.c
config.status: linking /osarm-build/work/gmp-tip-ab4a7408e2ce-c23-knr-candidate/mpn/arm64/com.asm to mpn/com.asm
config.status: linking /osarm-build/work/gmp-tip-ab4a7408e2ce-c23-knr-candidate/mpn/arm64/mul_1.asm to mpn/mul_1.asm
config.status: linking /osarm-build/work/gmp-tip-ab4a7408e2ce-c23-knr-candidate/mpn/arm64/aorsmul_1.asm to mpn/addmul_1.asm
config.status: linking /osarm-build/work/gmp-tip-ab4a7408e2ce-c23-knr-candidate/mpn/arm64/aorsmul_1.asm to mpn/submul_1.asm
config.status: linking /osarm-build/work/gmp-tip-ab4a7408e2ce-c23-knr-candidate/mpn/generic/add_err1_n.c to mpn/add_err1_n.c
config.status: linking /osarm-build/work/gmp-tip-ab4a7408e2ce-c23-knr-candidate/mpn/generic/add_err2_n.c to mpn/add_err2_n.c
config.status: linking /osarm-build/work/gmp-tip-ab4a7408e2ce-c23-knr-candidate/mpn/generic/add_err3_n.c to mpn/add_err3_n.c
config.status: linking /osarm-build/work/gmp-tip-ab4a7408e2ce-c23-knr-candidate/mpn/generic/sub_err1_n.c to mpn/sub_err1_n.c
config.status: linking /osarm-build/work/gmp-tip-ab4a7408e2ce-c23-knr-candidate/mpn/generic/sub_err2_n.c to mpn/sub_err2_n.c
config.status: linking /osarm-build/work/gmp-tip-ab4a7408e2ce-c23-knr-candidate/mpn/generic/sub_err3_n.c to mpn/sub_err3_n.c
config.status: linking /osarm-build/work/gmp-tip-ab4a7408e2ce-c23-knr-candidate/mpn/arm64/lshift.asm to mpn/lshift.asm
config.status: linking /osarm-build/work/gmp-tip-ab4a7408e2ce-c23-knr-candidate/mpn/arm64/rshift.asm to mpn/rshift.asm
config.status: linking /osarm-build/work/gmp-tip-ab4a7408e2ce-c23-knr-candidate/mpn/generic/dive_1.c to mpn/dive_1.c
config.status: linking /osarm-build/work/gmp-tip-ab4a7408e2ce-c23-knr-candidate/mpn/generic/diveby3.c to mpn/diveby3.c
config.status: linking /osarm-build/work/gmp-tip-ab4a7408e2ce-c23-knr-candidate/mpn/generic/divis.c to mpn/divis.c
config.status: linking /osarm-build/work/gmp-tip-ab4a7408e2ce-c23-knr-candidate/mpn/generic/divrem.c to mpn/divrem.c
config.status: linking /osarm-build/work/gmp-tip-ab4a7408e2ce-c23-knr-candidate/mpn/arm64/divrem_1.asm to mpn/divrem_1.asm
config.status: linking /osarm-build/work/gmp-tip-ab4a7408e2ce-c23-knr-candidate/mpn/generic/divrem_2.c to mpn/divrem_2.c
config.status: linking /osarm-build/work/gmp-tip-ab4a7408e2ce-c23-knr-candidate/mpn/generic/fib2_ui.c to mpn/fib2_ui.c
config.status: linking /osarm-build/work/gmp-tip-ab4a7408e2ce-c23-knr-candidate/mpn/generic/fib2m.c to mpn/fib2m.c
config.status: linking /osarm-build/work/gmp-tip-ab4a7408e2ce-c23-knr-candidate/mpn/generic/mod_1.c to mpn/mod_1.c
config.status: linking /osarm-build/work/gmp-tip-ab4a7408e2ce-c23-knr-candidate/mpn/arm64/mod_34lsub1.asm to mpn/mod_34lsub1.asm
config.status: linking /osarm-build/work/gmp-tip-ab4a7408e2ce-c23-knr-candidate/mpn/generic/mode1o.c to mpn/mode1o.c
config.status: linking /osarm-build/work/gmp-tip-ab4a7408e2ce-c23-knr-candidate/mpn/generic/pre_mod_1.c to mpn/pre_mod_1.c
config.status: linking /osarm-build/work/gmp-tip-ab4a7408e2ce-c23-knr-candidate/mpn/generic/dump.c to mpn/dump.c
config.status: linking /osarm-build/work/gmp-tip-ab4a7408e2ce-c23-knr-candidate/mpn/generic/mod_1_1.c to mpn/mod_1_1.c
config.status: linking /osarm-build/work/gmp-tip-ab4a7408e2ce-c23-knr-candidate/mpn/generic/mod_1_2.c to mpn/mod_1_2.c
config.status: linking /osarm-build/work/gmp-tip-ab4a7408e2ce-c23-knr-candidate/mpn/generic/mod_1_3.c to mpn/mod_1_3.c
config.status: linking /osarm-build/work/gmp-tip-ab4a7408e2ce-c23-knr-candidate/mpn/generic/mod_1_4.c to mpn/mod_1_4.c
config.status: linking /osarm-build/work/gmp-tip-ab4a7408e2ce-c23-knr-candidate/mpn/arm64/lshiftc.asm to mpn/lshiftc.asm
config.status: linking /osarm-build/work/gmp-tip-ab4a7408e2ce-c23-knr-candidate/mpn/generic/mul.c to mpn/mul.c
config.status: linking /osarm-build/work/gmp-tip-ab4a7408e2ce-c23-knr-candidate/mpn/generic/mul_fft.c to mpn/mul_fft.c
config.status: linking /osarm-build/work/gmp-tip-ab4a7408e2ce-c23-knr-candidate/mpn/generic/mul_n.c to mpn/mul_n.c
config.status: linking /osarm-build/work/gmp-tip-ab4a7408e2ce-c23-knr-candidate/mpn/generic/sqr.c to mpn/sqr.c
config.status: linking /osarm-build/work/gmp-tip-ab4a7408e2ce-c23-knr-candidate/mpn/generic/mul_basecase.c to mpn/mul_basecase.c
config.status: linking /osarm-build/work/gmp-tip-ab4a7408e2ce-c23-knr-candidate/mpn/generic/sqr_basecase.c to mpn/sqr_basecase.c
config.status: linking /osarm-build/work/gmp-tip-ab4a7408e2ce-c23-knr-candidate/mpn/generic/nussbaumer_mul.c to mpn/nussbaumer_mul.c
config.status: linking /osarm-build/work/gmp-tip-ab4a7408e2ce-c23-knr-candidate/mpn/generic/mulmid_basecase.c to mpn/mulmid_basecase.c
config.status: linking /osarm-build/work/gmp-tip-ab4a7408e2ce-c23-knr-candidate/mpn/generic/toom42_mulmid.c to mpn/toom42_mulmid.c
config.status: linking /osarm-build/work/gmp-tip-ab4a7408e2ce-c23-knr-candidate/mpn/generic/mulmid_n.c to mpn/mulmid_n.c
config.status: linking /osarm-build/work/gmp-tip-ab4a7408e2ce-c23-knr-candidate/mpn/generic/mulmid.c to mpn/mulmid.c
config.status: linking /osarm-build/work/gmp-tip-ab4a7408e2ce-c23-knr-candidate/mpn/generic/random.c to mpn/random.c
config.status: linking /osarm-build/work/gmp-tip-ab4a7408e2ce-c23-knr-candidate/mpn/generic/random2.c to mpn/random2.c
config.status: linking /osarm-build/work/gmp-tip-ab4a7408e2ce-c23-knr-candidate/mpn/generic/pow_1.c to mpn/pow_1.c
config.status: linking /osarm-build/work/gmp-tip-ab4a7408e2ce-c23-knr-candidate/mpn/generic/rootrem.c to mpn/rootrem.c
config.status: linking /osarm-build/work/gmp-tip-ab4a7408e2ce-c23-knr-candidate/mpn/generic/sqrtrem.c to mpn/sqrtrem.c
config.status: linking /osarm-build/work/gmp-tip-ab4a7408e2ce-c23-knr-candidate/mpn/generic/sizeinbase.c to mpn/sizeinbase.c
config.status: linking /osarm-build/work/gmp-tip-ab4a7408e2ce-c23-knr-candidate/mpn/generic/get_str.c to mpn/get_str.c
config.status: linking /osarm-build/work/gmp-tip-ab4a7408e2ce-c23-knr-candidate/mpn/generic/set_str.c to mpn/set_str.c
config.status: linking /osarm-build/work/gmp-tip-ab4a7408e2ce-c23-knr-candidate/mpn/generic/compute_powtab.c to mpn/compute_powtab.c
config.status: linking /osarm-build/work/gmp-tip-ab4a7408e2ce-c23-knr-candidate/mpn/generic/scan0.c to mpn/scan0.c
config.status: linking /osarm-build/work/gmp-tip-ab4a7408e2ce-c23-knr-candidate/mpn/generic/scan1.c to mpn/scan1.c
config.status: linking /osarm-build/work/gmp-tip-ab4a7408e2ce-c23-knr-candidate/mpn/arm64/popcount.asm to mpn/popcount.asm
config.status: linking /osarm-build/work/gmp-tip-ab4a7408e2ce-c23-knr-candidate/mpn/arm64/hamdist.asm to mpn/hamdist.asm
config.status: linking /osarm-build/work/gmp-tip-ab4a7408e2ce-c23-knr-candidate/mpn/generic/cmp.c to mpn/cmp.c
config.status: linking /osarm-build/work/gmp-tip-ab4a7408e2ce-c23-knr-candidate/mpn/generic/zero_p.c to mpn/zero_p.c
config.status: linking /osarm-build/work/gmp-tip-ab4a7408e2ce-c23-knr-candidate/mpn/generic/perfsqr.c to mpn/perfsqr.c
config.status: linking /osarm-build/work/gmp-tip-ab4a7408e2ce-c23-knr-candidate/mpn/generic/perfpow.c to mpn/perfpow.c
config.status: linking /osarm-build/work/gmp-tip-ab4a7408e2ce-c23-knr-candidate/mpn/generic/strongfibo.c to mpn/strongfibo.c
config.status: linking /osarm-build/work/gmp-tip-ab4a7408e2ce-c23-knr-candidate/mpn/arm64/gcd_11.asm to mpn/gcd_11.asm
config.status: linking /osarm-build/work/gmp-tip-ab4a7408e2ce-c23-knr-candidate/mpn/arm64/gcd_22.asm to mpn/gcd_22.asm
config.status: linking /osarm-build/work/gmp-tip-ab4a7408e2ce-c23-knr-candidate/mpn/generic/gcd_1.c to mpn/gcd_1.c
config.status: linking /osarm-build/work/gmp-tip-ab4a7408e2ce-c23-knr-candidate/mpn/generic/gcd.c to mpn/gcd.c
config.status: linking /osarm-build/work/gmp-tip-ab4a7408e2ce-c23-knr-candidate/mpn/generic/gcdext_1.c to mpn/gcdext_1.c
config.status: linking /osarm-build/work/gmp-tip-ab4a7408e2ce-c23-knr-candidate/mpn/generic/gcdext.c to mpn/gcdext.c
config.status: linking /osarm-build/work/gmp-tip-ab4a7408e2ce-c23-knr-candidate/mpn/generic/gcd_subdiv_step.c to mpn/gcd_subdiv_step.c
config.status: linking /osarm-build/work/gmp-tip-ab4a7408e2ce-c23-knr-candidate/mpn/generic/gcdext_lehmer.c to mpn/gcdext_lehmer.c
config.status: linking /osarm-build/work/gmp-tip-ab4a7408e2ce-c23-knr-candidate/mpn/generic/div_q.c to mpn/div_q.c
config.status: linking /osarm-build/work/gmp-tip-ab4a7408e2ce-c23-knr-candidate/mpn/generic/tdiv_qr.c to mpn/tdiv_qr.c
config.status: linking /osarm-build/work/gmp-tip-ab4a7408e2ce-c23-knr-candidate/mpn/generic/jacbase.c to mpn/jacbase.c
config.status: linking /osarm-build/work/gmp-tip-ab4a7408e2ce-c23-knr-candidate/mpn/generic/jacobi_2.c to mpn/jacobi_2.c
config.status: linking /osarm-build/work/gmp-tip-ab4a7408e2ce-c23-knr-candidate/mpn/generic/jacobi.c to mpn/jacobi.c
config.status: linking /osarm-build/work/gmp-tip-ab4a7408e2ce-c23-knr-candidate/mpn/generic/get_d.c to mpn/get_d.c
config.status: linking /osarm-build/work/gmp-tip-ab4a7408e2ce-c23-knr-candidate/mpn/generic/matrix22_mul.c to mpn/matrix22_mul.c
config.status: linking /osarm-build/work/gmp-tip-ab4a7408e2ce-c23-knr-candidate/mpn/generic/matrix22_mul1_inverse_vector.c to mpn/matrix22_mul1_inverse_vector.c
config.status: linking /osarm-build/work/gmp-tip-ab4a7408e2ce-c23-knr-candidate/mpn/generic/hgcd_matrix.c to mpn/hgcd_matrix.c
config.status: linking /osarm-build/work/gmp-tip-ab4a7408e2ce-c23-knr-candidate/mpn/generic/hgcd2.c to mpn/hgcd2.c
config.status: linking /osarm-build/work/gmp-tip-ab4a7408e2ce-c23-knr-candidate/mpn/generic/hgcd_step.c to mpn/hgcd_step.c
config.status: linking /osarm-build/work/gmp-tip-ab4a7408e2ce-c23-knr-candidate/mpn/generic/hgcd_reduce.c to mpn/hgcd_reduce.c
config.status: linking /osarm-build/work/gmp-tip-ab4a7408e2ce-c23-knr-candidate/mpn/generic/hgcd.c to mpn/hgcd.c
config.status: linking /osarm-build/work/gmp-tip-ab4a7408e2ce-c23-knr-candidate/mpn/generic/hgcd_appr.c to mpn/hgcd_appr.c
config.status: linking /osarm-build/work/gmp-tip-ab4a7408e2ce-c23-knr-candidate/mpn/generic/hgcd2_jacobi.c to mpn/hgcd2_jacobi.c
config.status: linking /osarm-build/work/gmp-tip-ab4a7408e2ce-c23-knr-candidate/mpn/generic/hgcd_jacobi.c to mpn/hgcd_jacobi.c
config.status: linking /osarm-build/work/gmp-tip-ab4a7408e2ce-c23-knr-candidate/mpn/generic/mullo_n.c to mpn/mullo_n.c
config.status: linking /osarm-build/work/gmp-tip-ab4a7408e2ce-c23-knr-candidate/mpn/generic/mullo_basecase.c to mpn/mullo_basecase.c
config.status: linking /osarm-build/work/gmp-tip-ab4a7408e2ce-c23-knr-candidate/mpn/generic/sqrlo.c to mpn/sqrlo.c
config.status: linking /osarm-build/work/gmp-tip-ab4a7408e2ce-c23-knr-candidate/mpn/generic/sqrlo_basecase.c to mpn/sqrlo_basecase.c
config.status: linking /osarm-build/work/gmp-tip-ab4a7408e2ce-c23-knr-candidate/mpn/generic/toom22_mul.c to mpn/toom22_mul.c
config.status: linking /osarm-build/work/gmp-tip-ab4a7408e2ce-c23-knr-candidate/mpn/generic/toom32_mul.c to mpn/toom32_mul.c
config.status: linking /osarm-build/work/gmp-tip-ab4a7408e2ce-c23-knr-candidate/mpn/generic/toom42_mul.c to mpn/toom42_mul.c
config.status: linking /osarm-build/work/gmp-tip-ab4a7408e2ce-c23-knr-candidate/mpn/generic/toom52_mul.c to mpn/toom52_mul.c
config.status: linking /osarm-build/work/gmp-tip-ab4a7408e2ce-c23-knr-candidate/mpn/generic/toom62_mul.c to mpn/toom62_mul.c
config.status: linking /osarm-build/work/gmp-tip-ab4a7408e2ce-c23-knr-candidate/mpn/generic/toom33_mul.c to mpn/toom33_mul.c
config.status: linking /osarm-build/work/gmp-tip-ab4a7408e2ce-c23-knr-candidate/mpn/generic/toom43_mul.c to mpn/toom43_mul.c
config.status: linking /osarm-build/work/gmp-tip-ab4a7408e2ce-c23-knr-candidate/mpn/generic/toom53_mul.c to mpn/toom53_mul.c
config.status: linking /osarm-build/work/gmp-tip-ab4a7408e2ce-c23-knr-candidate/mpn/generic/toom54_mul.c to mpn/toom54_mul.c
config.status: linking /osarm-build/work/gmp-tip-ab4a7408e2ce-c23-knr-candidate/mpn/generic/toom63_mul.c to mpn/toom63_mul.c
config.status: linking /osarm-build/work/gmp-tip-ab4a7408e2ce-c23-knr-candidate/mpn/generic/toom44_mul.c to mpn/toom44_mul.c
config.status: linking /osarm-build/work/gmp-tip-ab4a7408e2ce-c23-knr-candidate/mpn/generic/toom6h_mul.c to mpn/toom6h_mul.c
config.status: linking /osarm-build/work/gmp-tip-ab4a7408e2ce-c23-knr-candidate/mpn/generic/toom6_sqr.c to mpn/toom6_sqr.c
config.status: linking /osarm-build/work/gmp-tip-ab4a7408e2ce-c23-knr-candidate/mpn/generic/toom8h_mul.c to mpn/toom8h_mul.c
config.status: linking /osarm-build/work/gmp-tip-ab4a7408e2ce-c23-knr-candidate/mpn/generic/toom8_sqr.c to mpn/toom8_sqr.c
config.status: linking /osarm-build/work/gmp-tip-ab4a7408e2ce-c23-knr-candidate/mpn/generic/toom_couple_handling.c to mpn/toom_couple_handling.c
config.status: linking /osarm-build/work/gmp-tip-ab4a7408e2ce-c23-knr-candidate/mpn/generic/toom2_sqr.c to mpn/toom2_sqr.c
config.status: linking /osarm-build/work/gmp-tip-ab4a7408e2ce-c23-knr-candidate/mpn/generic/toom3_sqr.c to mpn/toom3_sqr.c
config.status: linking /osarm-build/work/gmp-tip-ab4a7408e2ce-c23-knr-candidate/mpn/generic/toom4_sqr.c to mpn/toom4_sqr.c
config.status: linking /osarm-build/work/gmp-tip-ab4a7408e2ce-c23-knr-candidate/mpn/generic/toom_eval_dgr3_pm1.c to mpn/toom_eval_dgr3_pm1.c
config.status: linking /osarm-build/work/gmp-tip-ab4a7408e2ce-c23-knr-candidate/mpn/generic/toom_eval_dgr3_pm2.c to mpn/toom_eval_dgr3_pm2.c
config.status: linking /osarm-build/work/gmp-tip-ab4a7408e2ce-c23-knr-candidate/mpn/generic/toom_eval_pm1.c to mpn/toom_eval_pm1.c
config.status: linking /osarm-build/work/gmp-tip-ab4a7408e2ce-c23-knr-candidate/mpn/generic/toom_eval_pm2.c to mpn/toom_eval_pm2.c
config.status: linking /osarm-build/work/gmp-tip-ab4a7408e2ce-c23-knr-candidate/mpn/generic/toom_eval_pm2exp.c to mpn/toom_eval_pm2exp.c
config.status: linking /osarm-build/work/gmp-tip-ab4a7408e2ce-c23-knr-candidate/mpn/generic/toom_eval_pm2rexp.c to mpn/toom_eval_pm2rexp.c
config.status: linking /osarm-build/work/gmp-tip-ab4a7408e2ce-c23-knr-candidate/mpn/generic/toom_interpolate_5pts.c to mpn/toom_interpolate_5pts.c
config.status: linking /osarm-build/work/gmp-tip-ab4a7408e2ce-c23-knr-candidate/mpn/generic/toom_interpolate_6pts.c to mpn/toom_interpolate_6pts.c
config.status: linking /osarm-build/work/gmp-tip-ab4a7408e2ce-c23-knr-candidate/mpn/generic/toom_interpolate_7pts.c to mpn/toom_interpolate_7pts.c
config.status: linking /osarm-build/work/gmp-tip-ab4a7408e2ce-c23-knr-candidate/mpn/generic/toom_interpolate_8pts.c to mpn/toom_interpolate_8pts.c
config.status: linking /osarm-build/work/gmp-tip-ab4a7408e2ce-c23-knr-candidate/mpn/generic/toom_interpolate_12pts.c to mpn/toom_interpolate_12pts.c
config.status: linking /osarm-build/work/gmp-tip-ab4a7408e2ce-c23-knr-candidate/mpn/generic/toom_interpolate_16pts.c to mpn/toom_interpolate_16pts.c
config.status: linking /osarm-build/work/gmp-tip-ab4a7408e2ce-c23-knr-candidate/mpn/generic/invertappr.c to mpn/invertappr.c
config.status: linking /osarm-build/work/gmp-tip-ab4a7408e2ce-c23-knr-candidate/mpn/generic/invert.c to mpn/invert.c
config.status: linking /osarm-build/work/gmp-tip-ab4a7408e2ce-c23-knr-candidate/mpn/generic/binvert.c to mpn/binvert.c
config.status: linking /osarm-build/work/gmp-tip-ab4a7408e2ce-c23-knr-candidate/mpn/generic/mulmod_bnm1.c to mpn/mulmod_bnm1.c
config.status: linking /osarm-build/work/gmp-tip-ab4a7408e2ce-c23-knr-candidate/mpn/generic/sqrmod_bnm1.c to mpn/sqrmod_bnm1.c
config.status: linking /osarm-build/work/gmp-tip-ab4a7408e2ce-c23-knr-candidate/mpn/generic/mulmod_bknp1.c to mpn/mulmod_bknp1.c
config.status: linking /osarm-build/work/gmp-tip-ab4a7408e2ce-c23-knr-candidate/mpn/generic/div_qr_1.c to mpn/div_qr_1.c
config.status: linking /osarm-build/work/gmp-tip-ab4a7408e2ce-c23-knr-candidate/mpn/generic/div_qr_1n_pi1.c to mpn/div_qr_1n_pi1.c
config.status: linking /osarm-build/work/gmp-tip-ab4a7408e2ce-c23-knr-candidate/mpn/generic/div_qr_2.c to mpn/div_qr_2.c
config.status: linking /osarm-build/work/gmp-tip-ab4a7408e2ce-c23-knr-candidate/mpn/generic/div_qr_2n_pi1.c to mpn/div_qr_2n_pi1.c
config.status: linking /osarm-build/work/gmp-tip-ab4a7408e2ce-c23-knr-candidate/mpn/generic/div_qr_2u_pi1.c to mpn/div_qr_2u_pi1.c
config.status: linking /osarm-build/work/gmp-tip-ab4a7408e2ce-c23-knr-candidate/mpn/generic/sbpi1_div_q.c to mpn/sbpi1_div_q.c
config.status: linking /osarm-build/work/gmp-tip-ab4a7408e2ce-c23-knr-candidate/mpn/generic/sbpi1_div_qr.c to mpn/sbpi1_div_qr.c
config.status: linking /osarm-build/work/gmp-tip-ab4a7408e2ce-c23-knr-candidate/mpn/generic/sbpi1_divappr_q.c to mpn/sbpi1_divappr_q.c
config.status: linking /osarm-build/work/gmp-tip-ab4a7408e2ce-c23-knr-candidate/mpn/generic/dcpi1_div_q.c to mpn/dcpi1_div_q.c
config.status: linking /osarm-build/work/gmp-tip-ab4a7408e2ce-c23-knr-candidate/mpn/generic/dcpi1_div_qr.c to mpn/dcpi1_div_qr.c
config.status: linking /osarm-build/work/gmp-tip-ab4a7408e2ce-c23-knr-candidate/mpn/generic/dcpi1_divappr_q.c to mpn/dcpi1_divappr_q.c
config.status: linking /osarm-build/work/gmp-tip-ab4a7408e2ce-c23-knr-candidate/mpn/generic/mu_div_qr.c to mpn/mu_div_qr.c
config.status: linking /osarm-build/work/gmp-tip-ab4a7408e2ce-c23-knr-candidate/mpn/generic/mu_divappr_q.c to mpn/mu_divappr_q.c
config.status: linking /osarm-build/work/gmp-tip-ab4a7408e2ce-c23-knr-candidate/mpn/generic/mu_div_q.c to mpn/mu_div_q.c
config.status: linking /osarm-build/work/gmp-tip-ab4a7408e2ce-c23-knr-candidate/mpn/arm64/bdiv_q_1.asm to mpn/bdiv_q_1.asm
config.status: linking /osarm-build/work/gmp-tip-ab4a7408e2ce-c23-knr-candidate/mpn/generic/sbpi1_bdiv_q.c to mpn/sbpi1_bdiv_q.c
config.status: linking /osarm-build/work/gmp-tip-ab4a7408e2ce-c23-knr-candidate/mpn/generic/sbpi1_bdiv_qr.c to mpn/sbpi1_bdiv_qr.c
config.status: linking /osarm-build/work/gmp-tip-ab4a7408e2ce-c23-knr-candidate/mpn/generic/sbpi1_bdiv_r.c to mpn/sbpi1_bdiv_r.c
config.status: linking /osarm-build/work/gmp-tip-ab4a7408e2ce-c23-knr-candidate/mpn/generic/dcpi1_bdiv_q.c to mpn/dcpi1_bdiv_q.c
config.status: linking /osarm-build/work/gmp-tip-ab4a7408e2ce-c23-knr-candidate/mpn/generic/dcpi1_bdiv_qr.c to mpn/dcpi1_bdiv_qr.c
config.status: linking /osarm-build/work/gmp-tip-ab4a7408e2ce-c23-knr-candidate/mpn/generic/mu_bdiv_q.c to mpn/mu_bdiv_q.c
config.status: linking /osarm-build/work/gmp-tip-ab4a7408e2ce-c23-knr-candidate/mpn/generic/mu_bdiv_qr.c to mpn/mu_bdiv_qr.c
config.status: linking /osarm-build/work/gmp-tip-ab4a7408e2ce-c23-knr-candidate/mpn/generic/bdiv_q.c to mpn/bdiv_q.c
config.status: linking /osarm-build/work/gmp-tip-ab4a7408e2ce-c23-knr-candidate/mpn/generic/bdiv_qr.c to mpn/bdiv_qr.c
config.status: linking /osarm-build/work/gmp-tip-ab4a7408e2ce-c23-knr-candidate/mpn/generic/broot.c to mpn/broot.c
config.status: linking /osarm-build/work/gmp-tip-ab4a7408e2ce-c23-knr-candidate/mpn/generic/brootinv.c to mpn/brootinv.c
config.status: linking /osarm-build/work/gmp-tip-ab4a7408e2ce-c23-knr-candidate/mpn/generic/bsqrt.c to mpn/bsqrt.c
config.status: linking /osarm-build/work/gmp-tip-ab4a7408e2ce-c23-knr-candidate/mpn/generic/bsqrtinv.c to mpn/bsqrtinv.c
config.status: linking /osarm-build/work/gmp-tip-ab4a7408e2ce-c23-knr-candidate/mpn/generic/divexact.c to mpn/divexact.c
config.status: linking /osarm-build/work/gmp-tip-ab4a7408e2ce-c23-knr-candidate/mpn/arm64/bdiv_dbm1c.asm to mpn/bdiv_dbm1c.asm
config.status: linking /osarm-build/work/gmp-tip-ab4a7408e2ce-c23-knr-candidate/mpn/generic/redc_1.c to mpn/redc_1.c
config.status: linking /osarm-build/work/gmp-tip-ab4a7408e2ce-c23-knr-candidate/mpn/generic/redc_2.c to mpn/redc_2.c
config.status: linking /osarm-build/work/gmp-tip-ab4a7408e2ce-c23-knr-candidate/mpn/generic/redc_n.c to mpn/redc_n.c
config.status: linking /osarm-build/work/gmp-tip-ab4a7408e2ce-c23-knr-candidate/mpn/generic/powm.c to mpn/powm.c
config.status: linking /osarm-build/work/gmp-tip-ab4a7408e2ce-c23-knr-candidate/mpn/generic/powlo.c to mpn/powlo.c
config.status: linking /osarm-build/work/gmp-tip-ab4a7408e2ce-c23-knr-candidate/mpn/generic/sec_powm.c to mpn/sec_powm.c
config.status: linking /osarm-build/work/gmp-tip-ab4a7408e2ce-c23-knr-candidate/mpn/generic/sec_mul.c to mpn/sec_mul.c
config.status: linking /osarm-build/work/gmp-tip-ab4a7408e2ce-c23-knr-candidate/mpn/generic/sec_sqr.c to mpn/sec_sqr.c
config.status: linking /osarm-build/work/gmp-tip-ab4a7408e2ce-c23-knr-candidate/mpn/generic/sec_div.c to mpn/sec_div_qr.c
config.status: linking /osarm-build/work/gmp-tip-ab4a7408e2ce-c23-knr-candidate/mpn/generic/sec_div.c to mpn/sec_div_r.c
config.status: linking /osarm-build/work/gmp-tip-ab4a7408e2ce-c23-knr-candidate/mpn/generic/sec_pi1_div.c to mpn/sec_pi1_div_qr.c
config.status: linking /osarm-build/work/gmp-tip-ab4a7408e2ce-c23-knr-candidate/mpn/generic/sec_pi1_div.c to mpn/sec_pi1_div_r.c
config.status: linking /osarm-build/work/gmp-tip-ab4a7408e2ce-c23-knr-candidate/mpn/generic/sec_aors_1.c to mpn/sec_add_1.c
config.status: linking /osarm-build/work/gmp-tip-ab4a7408e2ce-c23-knr-candidate/mpn/generic/sec_aors_1.c to mpn/sec_sub_1.c
config.status: linking /osarm-build/work/gmp-tip-ab4a7408e2ce-c23-knr-candidate/mpn/generic/sec_invert.c to mpn/sec_invert.c
config.status: linking /osarm-build/work/gmp-tip-ab4a7408e2ce-c23-knr-candidate/mpn/generic/trialdiv.c to mpn/trialdiv.c
config.status: linking /osarm-build/work/gmp-tip-ab4a7408e2ce-c23-knr-candidate/mpn/generic/remove.c to mpn/remove.c
config.status: linking /osarm-build/work/gmp-tip-ab4a7408e2ce-c23-knr-candidate/mpn/arm64/logops_n.asm to mpn/and_n.asm
config.status: linking /osarm-build/work/gmp-tip-ab4a7408e2ce-c23-knr-candidate/mpn/arm64/logops_n.asm to mpn/andn_n.asm
config.status: linking /osarm-build/work/gmp-tip-ab4a7408e2ce-c23-knr-candidate/mpn/arm64/logops_n.asm to mpn/nand_n.asm
config.status: linking /osarm-build/work/gmp-tip-ab4a7408e2ce-c23-knr-candidate/mpn/arm64/logops_n.asm to mpn/ior_n.asm
config.status: linking /osarm-build/work/gmp-tip-ab4a7408e2ce-c23-knr-candidate/mpn/arm64/logops_n.asm to mpn/iorn_n.asm
config.status: linking /osarm-build/work/gmp-tip-ab4a7408e2ce-c23-knr-candidate/mpn/arm64/logops_n.asm to mpn/nior_n.asm
config.status: linking /osarm-build/work/gmp-tip-ab4a7408e2ce-c23-knr-candidate/mpn/arm64/logops_n.asm to mpn/xor_n.asm
config.status: linking /osarm-build/work/gmp-tip-ab4a7408e2ce-c23-knr-candidate/mpn/arm64/logops_n.asm to mpn/xnor_n.asm
config.status: linking /osarm-build/work/gmp-tip-ab4a7408e2ce-c23-knr-candidate/mpn/arm64/copyi.asm to mpn/copyi.asm
config.status: linking /osarm-build/work/gmp-tip-ab4a7408e2ce-c23-knr-candidate/mpn/arm64/copyd.asm to mpn/copyd.asm
config.status: linking /osarm-build/work/gmp-tip-ab4a7408e2ce-c23-knr-candidate/mpn/generic/zero.c to mpn/zero.c
config.status: linking /osarm-build/work/gmp-tip-ab4a7408e2ce-c23-knr-candidate/mpn/arm64/sec_tabselect.asm to mpn/sec_tabselect.asm
config.status: linking /osarm-build/work/gmp-tip-ab4a7408e2ce-c23-knr-candidate/mpn/generic/comb_tables.c to mpn/comb_tables.c
config.status: linking /osarm-build/work/gmp-tip-ab4a7408e2ce-c23-knr-candidate/mpn/arm64/invert_limb.asm to mpn/invert_limb.asm
config.status: linking /osarm-build/work/gmp-tip-ab4a7408e2ce-c23-knr-candidate/mpn/arm64/sqr_diag_addlsh1.asm to mpn/sqr_diag_addlsh1.asm
config.status: linking /osarm-build/work/gmp-tip-ab4a7408e2ce-c23-knr-candidate/mpn/arm64/aorsorrlsh1_n.asm to mpn/addlsh1_n.asm
config.status: linking /osarm-build/work/gmp-tip-ab4a7408e2ce-c23-knr-candidate/mpn/arm64/aorsorrlsh1_n.asm to mpn/sublsh1_n.asm
config.status: linking /osarm-build/work/gmp-tip-ab4a7408e2ce-c23-knr-candidate/mpn/arm64/aorsorrlsh1_n.asm to mpn/rsblsh1_n.asm
config.status: linking /osarm-build/work/gmp-tip-ab4a7408e2ce-c23-knr-candidate/mpn/arm64/rsh1aors_n.asm to mpn/rsh1add_n.asm
config.status: linking /osarm-build/work/gmp-tip-ab4a7408e2ce-c23-knr-candidate/mpn/arm64/rsh1aors_n.asm to mpn/rsh1sub_n.asm
config.status: linking /osarm-build/work/gmp-tip-ab4a7408e2ce-c23-knr-candidate/mpn/arm64/aorsorrlsh2_n.asm to mpn/addlsh2_n.asm
config.status: linking /osarm-build/work/gmp-tip-ab4a7408e2ce-c23-knr-candidate/mpn/arm64/aorsorrlsh2_n.asm to mpn/sublsh2_n.asm
config.status: linking /osarm-build/work/gmp-tip-ab4a7408e2ce-c23-knr-candidate/mpn/arm64/aorsorrlsh2_n.asm to mpn/rsblsh2_n.asm
config.status: linking /osarm-build/work/gmp-tip-ab4a7408e2ce-c23-knr-candidate/mpn/generic/add_n_sub_n.c to mpn/add_n_sub_n.c
config.status: linking /osarm-build/work/gmp-tip-ab4a7408e2ce-c23-knr-candidate/mpn/arm64/gmp-mparam.h to gmp-mparam.h
config.status: executing libtool commands
configure: summary of build options:

  Version:           GNU MP 6.3.0
  Host type:         aarch64-unknown-linux-gnu
  ABI:               64
  Install prefix:    /usr/local
  Compiler:          /usr/bin/gcc
  Static libraries:  no
  Shared libraries:  yes
