GCC_KR_GNU17_RC=0
GCC_KR_GNU23_RC=0
CLANG_KR_GNU17_RC=0
CLANG_KR_GNU23_RC=1
GCC_PROTOTYPE_GNU23_RC=0
CLANG_PROTOTYPE_GNU23_RC=0

=== GCC GNU23 ===
/tmp/gmp-knr-c23-135811/knr.c: In function 'lshift_com':
/tmp/gmp-knr-c23-135811/knr.c:2:1: warning: old-style function definition [-Wold-style-definition]
    2 | lshift_com (rp, up, n, cnt)
      | ^~~~~~~~~~

=== CLANG GNU23 ===
/tmp/gmp-knr-c23-135811/knr.c:2:13: error: unknown type name 'rp'
    2 | lshift_com (rp, up, n, cnt)
      |             ^
/tmp/gmp-knr-c23-135811/knr.c:2:17: error: unknown type name 'up'
    2 | lshift_com (rp, up, n, cnt)
      |                 ^
/tmp/gmp-knr-c23-135811/knr.c:2:21: error: unknown type name 'n'
    2 | lshift_com (rp, up, n, cnt)
      |                     ^
/tmp/gmp-knr-c23-135811/knr.c:2:24: error: unknown type name 'cnt'; did you mean 'int'?
    2 | lshift_com (rp, up, n, cnt)
      |                        ^~~
      |                        int
/tmp/gmp-knr-c23-135811/knr.c:2:28: error: expected ';' after top level declarator
    2 | lshift_com (rp, up, n, cnt)
      |                            ^
      |                            ;
/tmp/gmp-knr-c23-135811/knr.c:7:1: error: expected identifier or '('
    7 | {
      | ^
6 errors generated.
REPRODUCER=PASS
